// Jest Snapshot v1, https://goo.gl/fbAQLP

exports[`<App /> renders correctly 1`] = `
<View
  style={
    {
      "alignItems": "center",
      "backgroundColor": "#ff0000",
      "flex": 1,
      "justifyContent": "center",
    }
  }
>
  <Text>
    Open up App.tsx to start working on your app!
  </Text>
</View>
`;
